// Jest Snapshot v1, https://goo.gl/fbAQLP

exports[`List renders users list 1`] = `
Object {
  "children": Array [
    <li
      onClick={[Function]}
    >
      <Card>
        <CardContent>
          <Image
            as="img"
            floated="left"
            size="mini"
            src="https://s3.amazonaws.com/uifaces/faces/twitter/mfacchinello/128.jpg"
            ui={true}
          />
          <CardHeader>
            Elmer
             
            D'Amore
          </CardHeader>
          <CardMeta>
            Regional Brand Strategist
             - 
            Schaden Group
          </CardMeta>
        </CardContent>
        <CardContent
          extra={true}
        >
          <div
            className="ui two buttons"
          >
            <Button
              as="button"
              basic={true}
              color="grey"
              role="button"
            >
              Detail
            </Button>
          </div>
        </CardContent>
      </Card>
    </li>,
  ],
}
`;

exports[`SearchInput renders search input 1`] = `
ShallowWrapper {
  Symbol(enzyme.__root__): [Circular],
  Symbol(enzyme.__unrendered__): <SearchInput
    value="test"
  />,
  Symbol(enzyme.__renderer__): Object {
    "batchedUpdates": [Function],
    "getNode": [Function],
    "render": [Function],
    "simulateError": [Function],
    "simulateEvent": [Function],
    "unmount": [Function],
  },
  Symbol(enzyme.__node__): Object {
    "instance": null,
    "key": undefined,
    "nodeType": "host",
    "props": Object {
      "children": <Input
        className="search-input"
        icon={
          Object {
            "circular": true,
            "link": true,
            "name": "search",
          }
        }
        placeholder="Search..."
        type="text"
        value="test"
      />,
      "className": "search-block",
    },
    "ref": null,
    "rendered": Object {
      "instance": null,
      "key": undefined,
      "nodeType": "class",
      "props": Object {
        "className": "search-input",
        "icon": Object {
          "circular": true,
          "link": true,
          "name": "search",
        },
        "onChange": undefined,
        "placeholder": "Search...",
        "type": "text",
        "value": "test",
      },
      "ref": null,
      "rendered": null,
      "type": [Function],
    },
    "type": "div",
  },
  Symbol(enzyme.__nodes__): Array [
    Object {
      "instance": null,
      "key": undefined,
      "nodeType": "host",
      "props": Object {
        "children": <Input
          className="search-input"
          icon={
            Object {
              "circular": true,
              "link": true,
              "name": "search",
            }
          }
          placeholder="Search..."
          type="text"
          value="test"
        />,
        "className": "search-block",
      },
      "ref": null,
      "rendered": Object {
        "instance": null,
        "key": undefined,
        "nodeType": "class",
        "props": Object {
          "className": "search-input",
          "icon": Object {
            "circular": true,
            "link": true,
            "name": "search",
          },
          "onChange": undefined,
          "placeholder": "Search...",
          "type": "text",
          "value": "test",
        },
        "ref": null,
        "rendered": null,
        "type": [Function],
      },
      "type": "div",
    },
  ],
  Symbol(enzyme.__options__): Object {
    "adapter": ReactSixteenAdapter {
      "options": Object {
        "enableComponentDidUpdateOnSetState": true,
        "lifecycles": Object {
          "componentDidUpdate": Object {
            "onSetState": true,
          },
          "getDerivedStateFromProps": true,
          "getSnapshotBeforeUpdate": true,
          "setState": Object {
            "skipsComponentDidUpdateOnNullish": true,
          },
        },
      },
    },
  },
}
`;
